
=================================== ERRORS ====================================
_____________ ERROR collecting tests/test_api_contract_openapi.py _____________
ImportError while importing test module 'C:\Users\admin2\Desktop\MYCOSOFT\CODE\MINDEX\mindex\tests\test_api_contract_openapi.py'.
Hint: make sure your test modules/packages have valid Python names.
Traceback:
C:\Python313\Lib\importlib\__init__.py:88: in import_module
    return _bootstrap._gcd_import(name[level:], package, level)
           ^^^^^^^^^^^^^^^^^^^^^^^^^^^^^^^^^^^^^^^^^^^^^^^^^^^^
tests\test_api_contract_openapi.py:5: in <module>
    from mindex_api.main import create_app
E   ModuleNotFoundError: No module named 'mindex_api'
__________________ ERROR collecting tests/test_api_routes.py __________________
ImportError while importing test module 'C:\Users\admin2\Desktop\MYCOSOFT\CODE\MINDEX\mindex\tests\test_api_routes.py'.
Hint: make sure your test modules/packages have valid Python names.
Traceback:
C:\Python313\Lib\importlib\__init__.py:88: in import_module
    return _bootstrap._gcd_import(name[level:], package, level)
           ^^^^^^^^^^^^^^^^^^^^^^^^^^^^^^^^^^^^^^^^^^^^^^^^^^^^
tests\test_api_routes.py:9: in <module>
    from mindex_api.main import create_app
E   ModuleNotFoundError: No module named 'mindex_api'
_________________ ERROR collecting tests/test_mdp_protocol.py _________________
ImportError while importing test module 'C:\Users\admin2\Desktop\MYCOSOFT\CODE\MINDEX\mindex\tests\test_mdp_protocol.py'.
Hint: make sure your test modules/packages have valid Python names.
Traceback:
C:\Python313\Lib\importlib\__init__.py:88: in import_module
    return _bootstrap._gcd_import(name[level:], package, level)
           ^^^^^^^^^^^^^^^^^^^^^^^^^^^^^^^^^^^^^^^^^^^^^^^^^^^^
tests\test_mdp_protocol.py:9: in <module>
    from mindex_api.protocols.mdp_v1 import (
E   ModuleNotFoundError: No module named 'mindex_api'
_____________ ERROR collecting tests/test_mycorrhizae_protocol.py _____________
ImportError while importing test module 'C:\Users\admin2\Desktop\MYCOSOFT\CODE\MINDEX\mindex\tests\test_mycorrhizae_protocol.py'.
Hint: make sure your test modules/packages have valid Python names.
Traceback:
C:\Python313\Lib\importlib\__init__.py:88: in import_module
    return _bootstrap._gcd_import(name[level:], package, level)
           ^^^^^^^^^^^^^^^^^^^^^^^^^^^^^^^^^^^^^^^^^^^^^^^^^^^^
tests\test_mycorrhizae_protocol.py:12: in <module>
    from mindex_api.protocols.mycorrhizae import (
E   ModuleNotFoundError: No module named 'mindex_api'
_________________ ERROR collecting tests/test_sources_inat.py _________________
ImportError while importing test module 'C:\Users\admin2\Desktop\MYCOSOFT\CODE\MINDEX\mindex\tests\test_sources_inat.py'.
Hint: make sure your test modules/packages have valid Python names.
Traceback:
C:\Python313\Lib\importlib\__init__.py:88: in import_module
    return _bootstrap._gcd_import(name[level:], package, level)
           ^^^^^^^^^^^^^^^^^^^^^^^^^^^^^^^^^^^^^^^^^^^^^^^^^^^^
tests\test_sources_inat.py:6: in <module>
    from mindex_etl.config import settings
E   ModuleNotFoundError: No module named 'mindex_etl'
_____________ ERROR collecting tests/test_taxon_canonicalizer.py ______________
ImportError while importing test module 'C:\Users\admin2\Desktop\MYCOSOFT\CODE\MINDEX\mindex\tests\test_taxon_canonicalizer.py'.
Hint: make sure your test modules/packages have valid Python names.
Traceback:
C:\Python313\Lib\importlib\__init__.py:88: in import_module
    return _bootstrap._gcd_import(name[level:], package, level)
           ^^^^^^^^^^^^^^^^^^^^^^^^^^^^^^^^^^^^^^^^^^^^^^^^^^^^
tests\test_taxon_canonicalizer.py:5: in <module>
    from mindex_etl.taxon_canonicalizer import normalize_name
E   ModuleNotFoundError: No module named 'mindex_etl'
============================== warnings summary ===============================
..\..\..\..\..\..\..\Python313\Lib\site-packages\starlette\formparsers.py:12
  C:\Python313\Lib\site-packages\starlette\formparsers.py:12: PendingDeprecationWarning: Please use `import python_multipart` instead.
    import multipart

..\..\..\..\..\..\..\Python313\Lib\site-packages\_pytest\cacheprovider.py:475
  C:\Python313\Lib\site-packages\_pytest\cacheprovider.py:475: PytestCacheWarning: could not create cache path C:\Users\admin2\Desktop\MYCOSOFT\CODE\MINDEX\mindex\.pytest_cache\v\cache\nodeids: [WinError 5] Access is denied: 'C:\\Users\\admin2\\Desktop\\MYCOSOFT\\CODE\\MINDEX\\mindex\\.pytest_cache\\v\\cache'
    config.cache.set("cache/nodeids", sorted(self.cached_nodeids))

..\..\..\..\..\..\..\Python313\Lib\site-packages\_pytest\cacheprovider.py:429
  C:\Python313\Lib\site-packages\_pytest\cacheprovider.py:429: PytestCacheWarning: could not create cache path C:\Users\admin2\Desktop\MYCOSOFT\CODE\MINDEX\mindex\.pytest_cache\v\cache\lastfailed: [WinError 5] Access is denied: 'C:\\Users\\admin2\\Desktop\\MYCOSOFT\\CODE\\MINDEX\\mindex\\.pytest_cache\\v\\cache'
    config.cache.set("cache/lastfailed", self.lastfailed)

-- Docs: https://docs.pytest.org/en/stable/how-to/capture-warnings.html
=========================== short test summary info ===========================
ERROR tests/test_api_contract_openapi.py
ERROR tests/test_api_routes.py
ERROR tests/test_mdp_protocol.py
ERROR tests/test_mycorrhizae_protocol.py
ERROR tests/test_sources_inat.py
ERROR tests/test_taxon_canonicalizer.py
!!!!!!!!!!!!!!!!!!! Interrupted: 6 errors during collection !!!!!!!!!!!!!!!!!!!
3 warnings, 6 errors in 0.53s
